Microchip MPLAB XC8 Compiler V2.46

Linker command line:

-W-3 \
  --edf=C:\Program Files\Microchip\xc8\v2.46\pic\dat\20240104201356_en.msgs \
  -cn -h+dist/default/debug\314_Team_Code.X.debug.sym \
  --cmf=dist/default/debug\314_Team_Code.X.debug.cmf -z -Q18F27Q10 \
  -oC:\Users\KEVINR~1\AppData\Local\Temp\xcAs49g.\driver_tmp_3.o \
  --defsym=__MPLAB_BUILD=1 --fixupoverflow=error \
  -Mdist/default/debug/314_Team_Code.X.debug.map \
  --md=C:\Users\KEVINR~1\AppData\Local\Temp\xcAs49g.\driver_tmp_0.dat -E1 \
  -ver=XC8 Compiler --acfsm=1493 -ACODE=00h-01FFFFh -ACONST=00h-01FFFFh \
  -ASMALLCONST=0F00h-0FFFhx497 -AMEDIUMCONST=0F00h-0FFFFh,010F00h-01FFFFh \
  -ACOMRAM=01h-05Fh -AABS1=00h-0CFFh,0E00h-0E1Eh \
  -ABIGRAM=01h-0CFFh,0E00h-0E1Eh -ARAM=060h-0FFh,0100h-01FFhx12,0E00h-0E1Eh \
  -ABANK0=060h-0FFh -ABANK1=0100h-01FFh -ABANK2=0200h-02FFh \
  -ABANK3=0300h-03FFh -ABANK4=0400h-04FFh -ABANK5=0500h-05FFh \
  -ABANK6=0600h-06FFh -ABANK7=0700h-07FFh -ABANK8=0800h-08FFh \
  -ABANK9=0900h-09FFh -ABANK10=0A00h-0AFFh -ABANK11=0B00h-0BFFh \
  -ABANK12=0C00h-0CFFh -ABANK14=0E00h-0E1Eh \
  -ASFR=0D00h-0DFFh,0E1Fh-0EFFh,0F00h-0F5Fh,0F60h-0FFFh \
  -ABIGSFR=0D00h-0DFFh,0E1Fh-0FFFh -ACONFIG=0300000h-030000Bh \
  -AIDLOC=0200000h-02000FFh -AEEDATA=0310000h-03103FFh -peeprom_data=EEDATA \
  -preset_vec=00h,intcode=8h,intcodelo,powerup,init -pramtop=0F00h \
  -psmallconst=SMALLCONST -pmediumconst=MEDIUMCONST -pconst=CONST \
  -AFARRAM=00h-00h \
  -prdata=COMRAM,nvrram=COMRAM,nvbit=COMRAM,rbss=COMRAM,rbit=COMRAM \
  -pfarbss=FARRAM,fardata=FARRAM,nvFARRAM=FARRAM \
  -pintsave_regs=BIGRAM,bigbss=BIGRAM,bigdata=BIGRAM -pbss=RAM \
  -pidata=CODE,irdata=CODE,ibigdata=CODE,ifardata=CODE -prparam=COMRAM \
  C:\Users\KEVINR~1\AppData\Local\Temp\xcAs49g.\driver_tmp_15.o \
  dist/default/debug\314_Team_Code.X.debug.o 

Object code version is 3.11

Machine type is 18F27Q10



                Name                               Link     Load   Length Selector   Space Scale
C:\Users\KEVINR~1\AppData\Local\Temp\xcAs49g.\driver_tmp_15.o
                config                           300000   300000        C        0       4
                init                                 8E       8E        4        4       0
                reset_vec                             0        0        4        0       0
dist/default/debug\314_Team_Code.X.debug.o
                intcode                               8        8       86        4       0
                config                           300000   300000        C        0       4
                temp                                 5A       5A        1        1       1
                smallconst                          F00      F00       84      780       0
                text73                             1A5E     1A5E       2A      7C2       0
                text72                             1CF4     1CF4        6      7C2       0
                text71                             1CEE     1CEE        6      7C2       0
                text70                             1CE8     1CE8        6      7C2       0
                text69                             1A34     1A34       2A      7C2       0
                text68                             1CE2     1CE2        6      7C2       0
                text67                             1CDC     1CDC        6      7C2       0
                text66                             1CD6     1CD6        6      7C2       0
                text65                             1AAC     1AAC       22      7C2       0
                text64                             15D4     15D4       70      7C2       0
                text63                             1B60     1B60       1C      7C2       0
                text62                             1A04     1A04       30      7C2       0
                text61                             1D06     1D06        4      7C2       0
                text60                             1D02     1D02        4      7C2       0
                text59                             19D4     19D4       30      7C2       0
                text58                             19A4     19A4       30      7C2       0
                text57                             1974     1974       30      7C2       0
                text56                             1886     1886       46      7C2       0
                text55                             1CD0     1CD0        6      7C2       0
                text54                             1CB6     1CB6        8      7C2       0
                text53                             1CCA     1CCA        6      7C2       0
                text52                             1CAE     1CAE        8      7C2       0
                text51                             1CA6     1CA6        8      7C2       0
                text50                             1BC2     1BC2       16      7C2       0
                text49                             1CC4     1CC4        6      7C2       0
                text48                             16AE     16AE       68      7C2       0
                text47                             1C5C     1C5C        A      7C2       0
                text46                             1C30     1C30        E      7C2       0
                text45                             1C22     1C22        E      7C2       0
                text44                             1254     1254       BE      7C2       0
                text43                             1456     1456       92      7C2       0
                text42                             1C52     1C52        A      7C2       0
                text41                             1C9E     1C9E        8      7C2       0
                text40                             1C96     1C96        8      7C2       0
                text39                             1C8E     1C8E        8      7C2       0
                text38                             1C86     1C86        8      7C2       0
                text37                             1C7E     1C7E        8      7C2       0
                text36                             1C76     1C76        8      7C2       0
                text35                             1C6E     1C6E        8      7C2       0
                text34                             1C48     1C48        A      7C2       0
                text33                             17DE     17DE       56      7C2       0
                text32                             177A     177A       64      7C2       0
                text31                             1BD8     1BD8       12      7C2       0
                text30                             1B44     1B44       1C      7C2       0
                text29                             18CC     18CC       42      7C2       0
                text28                             1C66     1C66        8      7C2       0
                text27                             1A88     1A88       24      7C2       0
                text26                             13B6     13B6       A0      7C2       0
                text25                             1B28     1B28       1C      7C2       0
                text24                             14E8     14E8       78      7C2       0
                text23                             1560     1560       74      7C2       0
                text22                             1716     1716       64      7C2       0
                text21                             1B94     1B94       18      7C2       0
                text20                             1C3E     1C3E        A      7C2       0
                text19                              F84      F84      1BA      7C2       0
                text18                             1312     1312       A4      7C2       0
                text17                             1D0A     1D0A        2      7C2       0
                text16                             190E     190E       34      7C2       0
                text14                             1C14     1C14        E      7C2       0
                text13                             1C06     1C06        E      7C2       0
                text12                             1BF8     1BF8        E      7C2       0
                text11                             1834     1834       52      7C2       0
                text10                             1BAC     1BAC       16      7C2       0
                text9                              1CFE     1CFE        4      7C2       0
                text8                              1B7C     1B7C       18      7C2       0
                text7                              1644     1644       6A      7C2       0
                text6                              1B0C     1B0C       1C      7C2       0
                text5                              1BEA     1BEA        E      7C2       0
                text4                              1942     1942       32      7C2       0
                text3                              1AEE     1AEE       1E      7C2       0
                text2                              1CFA     1CFA        4      7C2       0
                text1                              1CBE     1CBE        6      7C2       0
                text0                              113E     113E      116      7C2       0
                cstackCOMRAM                         36       36       21        1       1
                cstackBANK0                          69       69        5       60       1
                bssBANK0                             6E       6E        4       60       1
                bssCOMRAM                             1        1       35        1       1
                cinit                              1ACE     1ACE       20      7C2       0
                nvBANK0                              60       60        9       60       1
                nvCOMRAM                             57       57        3        1       1

TOTAL           Name                               Link     Load   Length     Space
        CLASS   CODE           
                intcode                               8        8       86         0
                init                                 8E       8E        4         0
                reset_vec                             0        0        4         0
                text73                             1A5E     1A5E       2A         0
                text72                             1CF4     1CF4        6         0
                text71                             1CEE     1CEE        6         0
                text70                             1CE8     1CE8        6         0
                text69                             1A34     1A34       2A         0
                text68                             1CE2     1CE2        6         0
                text67                             1CDC     1CDC        6         0
                text66                             1CD6     1CD6        6         0
                text65                             1AAC     1AAC       22         0
                text64                             15D4     15D4       70         0
                text63                             1B60     1B60       1C         0
                text62                             1A04     1A04       30         0
                text61                             1D06     1D06        4         0
                text60                             1D02     1D02        4         0
                text59                             19D4     19D4       30         0
                text58                             19A4     19A4       30         0
                text57                             1974     1974       30         0
                text56                             1886     1886       46         0
                text55                             1CD0     1CD0        6         0
                text54                             1CB6     1CB6        8         0
                text53                             1CCA     1CCA        6         0
                text52                             1CAE     1CAE        8         0
                text51                             1CA6     1CA6        8         0
                text50                             1BC2     1BC2       16         0
                text49                             1CC4     1CC4        6         0
                text48                             16AE     16AE       68         0
                text47                             1C5C     1C5C        A         0
                text46                             1C30     1C30        E         0
                text45                             1C22     1C22        E         0
                text44                             1254     1254       BE         0
                text43                             1456     1456       92         0
                text42                             1C52     1C52        A         0
                text41                             1C9E     1C9E        8         0
                text40                             1C96     1C96        8         0
                text39                             1C8E     1C8E        8         0
                text38                             1C86     1C86        8         0
                text37                             1C7E     1C7E        8         0
                text36                             1C76     1C76        8         0
                text35                             1C6E     1C6E        8         0
                text34                             1C48     1C48        A         0
                text33                             17DE     17DE       56         0
                text32                             177A     177A       64         0
                text31                             1BD8     1BD8       12         0
                text30                             1B44     1B44       1C         0
                text29                             18CC     18CC       42         0
                text28                             1C66     1C66        8         0
                text27                             1A88     1A88       24         0
                text26                             13B6     13B6       A0         0
                text25                             1B28     1B28       1C         0
                text24                             14E8     14E8       78         0
                text23                             1560     1560       74         0
                text22                             1716     1716       64         0
                text21                             1B94     1B94       18         0
                text20                             1C3E     1C3E        A         0
                text19                              F84      F84      1BA         0
                text18                             1312     1312       A4         0
                text17                             1D0A     1D0A        2         0
                text16                             190E     190E       34         0
                text14                             1C14     1C14        E         0
                text13                             1C06     1C06        E         0
                text12                             1BF8     1BF8        E         0
                text11                             1834     1834       52         0
                text10                             1BAC     1BAC       16         0
                text9                              1CFE     1CFE        4         0
                text8                              1B7C     1B7C       18         0
                text7                              1644     1644       6A         0
                text6                              1B0C     1B0C       1C         0
                text5                              1BEA     1BEA        E         0
                text4                              1942     1942       32         0
                text3                              1AEE     1AEE       1E         0
                text2                              1CFA     1CFA        4         0
                text1                              1CBE     1CBE        6         0
                text0                              113E     113E      116         0
                cinit                              1ACE     1ACE       20         0

        CLASS   CONST          

        CLASS   SMALLCONST     
                smallconst                          F00      F00       84         0

        CLASS   MEDIUMCONST    

        CLASS   COMRAM         
                temp                                 5A       5A        1         1
                cstackCOMRAM                         36       36       21         1
                bssCOMRAM                             1        1       35         1
                nvCOMRAM                             57       57        3         1

        CLASS   ABS1           

        CLASS   BIGRAM         

        CLASS   RAM            

        CLASS   BANK0          
                cstackBANK0                          69       69        5         1
                bssBANK0                             6E       6E        4         1
                nvBANK0                              60       60        9         1

        CLASS   BANK1          

        CLASS   BANK2          

        CLASS   BANK3          

        CLASS   BANK4          

        CLASS   BANK5          

        CLASS   BANK6          

        CLASS   BANK7          

        CLASS   BANK8          

        CLASS   BANK9          

        CLASS   BANK10         

        CLASS   BANK11         

        CLASS   BANK12         

        CLASS   BANK14         

        CLASS   SFR            

        CLASS   BIGSFR         

        CLASS   CONFIG         
                config                           300000   300000        C         4

        CLASS   IDLOC          

        CLASS   EEDATA         

        CLASS   FARRAM         

        CLASS   HEAP           

        CLASS   STACK          



SEGMENTS        Name                           Load    Length   Top    Selector   Space  Class

                reset_vec                      000000  000004  000004         0       0  CODE    
                bssCOMRAM                      000001  00005A  00005B         1       1  COMRAM  
                intcode                        000008  00008A  000092         4       0  CODE    
                nvBANK0                        000060  000012  000072        60       1  BANK0   
                smallconst                     000F00  000084  000F84       780       0  SMALLCON
                text19                         000F84  000D88  001D0C       7C2       0  CODE    


UNUSED ADDRESS RANGES

        Name                Unused          Largest block    Delta
        BANK0            000072-0000FF               8E
        BANK1            000100-0001FF              100
        BANK10           000A00-000AFF              100
        BANK11           000B00-000BFF              100
        BANK12           000C00-000CFF              100
        BANK14           000E00-000E1E               1F
        BANK2            000200-0002FF              100
        BANK3            000300-0003FF              100
        BANK4            000400-0004FF              100
        BANK5            000500-0005FF              100
        BANK6            000600-0006FF              100
        BANK7            000700-0007FF              100
        BANK8            000800-0008FF              100
        BANK9            000900-0009FF              100
        BIGRAM           00005B-00005F                5
                         000072-000CFF              C8E
                         000E00-000E1E               1F
        BIGSFR           000D00-000DFF              100
                         000E1F-000FFF              1E1
        CODE             000004-000007                4
                         000092-000EFF              E6E
                         001D0C-01FFFF            1E2F4
        COMRAM           00005B-00005F                5
        CONST            000004-000007                4
                         000092-000EFF              E6E
                         001D0C-01FFFF            1E2F4
        EEDATA           310000-3103FF              400
        IDLOC            200000-2000FF              100
        MEDIUMCONST      001D0C-00FFFF             E2F4
                         010F00-01FFFF             F100
        RAM              000072-000CFF              100
                         000E00-000E1E               1F
        SFR              000D00-000DFF              100
                         000E1F-000FFF               E1
        SMALLCONST       001D0C-01FFFF              100

                                  Symbol Table

?___lwdiv                                       cstackCOMRAM 000036
?___lwmod                                       cstackCOMRAM 00003D
?_printf                                        cstackCOMRAM 000042
EUSART2_SetErrorHandler@interruptHandler        cstackBANK0  000069
EUSART2_SetFramingErrorHandler@interruptHandler cstackBANK0  000069
EUSART2_SetOverrunErrorHandler@interruptHandler cstackBANK0  000069
EUSART2_Write@txData                            cstackCOMRAM 000036
I2C2_Close@returnValue                          cstackCOMRAM 000036
I2C2_MasterOperation@read                       cstackCOMRAM 00003A
I2C2_MasterOperation@returnValue                cstackCOMRAM 00003B
I2C2_MasterSendTxData@data                      cstackCOMRAM 000036
I2C2_Open@address                               cstackCOMRAM 000036
I2C2_Open@returnValue                           cstackCOMRAM 000037
I2C2_Read1ByteRegister@address                  cstackCOMRAM 000042
I2C2_Read1ByteRegister@reg                      cstackCOMRAM 000041
I2C2_Read1ByteRegister@returnValue              cstackCOMRAM 000043
I2C2_SetAddressNackCallback@cb                  cstackCOMRAM 00003C
I2C2_SetAddressNackCallback@ptr                 cstackCOMRAM 00003F
I2C2_SetBuffer@buffer                           cstackCOMRAM 000036
I2C2_SetBuffer@bufferSize                       cstackCOMRAM 000038
I2C2_SetCallback@cb                             cstackCOMRAM 000036
I2C2_SetCallback@idx                            cstackCOMRAM 00003B
I2C2_SetCallback@ptr                            cstackCOMRAM 000039
I2C2_SetDataCompleteCallback@cb                 cstackCOMRAM 00003C
I2C2_SetDataCompleteCallback@ptr                cstackCOMRAM 00003F
TMR2_SetInterruptHandler@InterruptHandler       cstackBANK0  000069
_ANSELA                                         (abs)        000F0C
_ANSELB                                         (abs)        000F14
_ANSELC                                         (abs)        000F1C
_BAUD2CON                                       (abs)        000E9A
_EUSART2_DefaultErrorHandler                    (abs)        000000
_EUSART2_DefaultFramingErrorHandler             (abs)        000000
_EUSART2_DefaultOverrunErrorHandler             (abs)        000000
_EUSART2_ErrorHandler                           nvBANK0      000060
_EUSART2_FramingErrorHandler                    nvBANK0      000066
_EUSART2_Initialize                             text11       001834
_EUSART2_OverrunErrorHandler                    nvBANK0      000063
_EUSART2_SetErrorHandler                        text14       001C14
_EUSART2_SetFramingErrorHandler                 text13       001C06
_EUSART2_SetOverrunErrorHandler                 text12       001BF8
_EUSART2_Write                                  text21       001B94
_EUSART2_is_tx_ready                            text73       001A5E
_EUSART2_is_tx_ready$350                        cstackCOMRAM 000036
_I2C2_CallbackReturnReset                       text60       001D02
_I2C2_CallbackReturnStop                        text61       001D06
_I2C2_Close                                     text69       001A34
_I2C2_DO_ADDRESS_NACK                           text33       0017DE
_I2C2_DO_IDLE                                   text47       001C5C
_I2C2_DO_RCEN                                   text42       001C52
_I2C2_DO_RESET                                  text34       001C48
_I2C2_DO_RX                                     text43       001456
_I2C2_DO_RX_ACK                                 text37       001C7E
_I2C2_DO_RX_NACK_RESTART                        text35       001C6E
_I2C2_DO_RX_NACK_STOP                           text36       001C76
_I2C2_DO_SEND_ADR_READ                          text46       001C30
_I2C2_DO_SEND_ADR_WRITE                         text45       001C22
_I2C2_DO_SEND_RESTART                           text39       001C8E
_I2C2_DO_SEND_RESTART_READ                      text41       001C9E
_I2C2_DO_SEND_RESTART_WRITE                     text40       001C96
_I2C2_DO_SEND_STOP                              text38       001C86
_I2C2_DO_TX                                     text44       001254
_I2C2_DO_TX$1521                                cstackCOMRAM 000037
_I2C2_DO_TX_EMPTY                               text48       0016AE
_I2C2_Initialize                                text10       001BAC
_I2C2_MasterClearIrq                            text72       001CF4
_I2C2_MasterClose                               text71       001CEE
_I2C2_MasterDisableIrq                          text70       001CE8
_I2C2_MasterEnableRestart                       text67       001CDC
_I2C2_MasterFsm                                 text32       00177A
_I2C2_MasterGetRxData                           text53       001CCA
_I2C2_MasterIsNack                              text50       001BC2
_I2C2_MasterOpen                                text27       001A88
_I2C2_MasterOperation                           text29       0018CC
_I2C2_MasterSendAck                             text52       001CAE
_I2C2_MasterSendNack                            text54       001CB6
_I2C2_MasterSendTxData                          text51       001CA6
_I2C2_MasterSetIrq                              text49       001CC4
_I2C2_MasterStart                               text68       001CE2
_I2C2_MasterStartRx                             text55       001CD0
_I2C2_MasterStop                                text66       001CD6
_I2C2_MasterWaitForEvent                        text31       001BD8
_I2C2_MasterWrite                               text28       001C66
_I2C2_Open                                      text26       0013B6
_I2C2_Poller                                    text30       001B44
_I2C2_Read1ByteRegister                         text24       0014E8
_I2C2_SetAddressNackCallback                    text25       001B28
_I2C2_SetBuffer                                 text65       001AAC
_I2C2_SetCallback                               text64       0015D4
_I2C2_SetDataCompleteCallback                   text63       001B60
_I2C2_Status                                    bssCOMRAM    000001
_INLVLA                                         (abs)        000F08
_INLVLB                                         (abs)        000F10
_INLVLC                                         (abs)        000F18
_INLVLE                                         (abs)        000F25
_INTCONbits                                     (abs)        000FF2
_INTERRUPT_Initialize                           text9        001CFE
_INTERRUPT_InterruptManager                     intcode      000008
_LATA                                           (abs)        000F82
_LATB                                           (abs)        000F83
_LATC                                           (abs)        000F84
_LATCbits                                       (abs)        000F84
_ODCONA                                         (abs)        000F0A
_ODCONB                                         (abs)        000F12
_ODCONC                                         (abs)        000F1A
_OSCCON1                                        (abs)        000ED3
_OSCCON3                                        (abs)        000ED5
_OSCEN                                          (abs)        000ED7
_OSCFRQ                                         (abs)        000ED9
_OSCILLATOR_Initialize                          text8        001B7C
_OSCTUNE                                        (abs)        000ED8
_PIE3bits                                       (abs)        000EC0
_PIE4bits                                       (abs)        000EC1
_PIN_MANAGER_Initialize                         text7        001644
_PIR3bits                                       (abs)        000EC8
_PIR4bits                                       (abs)        000EC9
_PMD0                                           (abs)        000EDC
_PMD1                                           (abs)        000EDD
_PMD2                                           (abs)        000EDE
_PMD3                                           (abs)        000EDF
_PMD4                                           (abs)        000EE0
_PMD5                                           (abs)        000EE1
_PMD_Initialize                                 text6        001B0C
_PR2                                            (abs)        000FBB
_RB1PPS                                         (abs)        000EEB
_RB2PPS                                         (abs)        000EEC
_RB6PPS                                         (abs)        000EF0
_RC2REG                                         (abs)        000E94
_RC2STA                                         (abs)        000E98
_RC2STAbits                                     (abs)        000E98
_RX2PPS                                         (abs)        000E88
_SLRCONA                                        (abs)        000F09
_SLRCONB                                        (abs)        000F11
_SLRCONC                                        (abs)        000F19
_SP2BRGH                                        (abs)        000E97
_SP2BRGL                                        (abs)        000E96
_SSP2ADD                                        (abs)        000E8E
_SSP2BUF                                        (abs)        000E8D
_SSP2CLKPPS                                     (abs)        000E8A
_SSP2CON1                                       (abs)        000E91
_SSP2CON1bits                                   (abs)        000E91
_SSP2CON2                                       (abs)        000E92
_SSP2CON2bits                                   (abs)        000E92
_SSP2DATPPS                                     (abs)        000E8B
_SSP2STAT                                       (abs)        000E90
_SSP2STATbits                                   (abs)        000E90
_SYSTEM_Initialize                              text3        001AEE
_T2CLKCON                                       (abs)        000FBE
_T2CON                                          (abs)        000FBC
_T2CONbits                                      (abs)        000FBC
_T2HLT                                          (abs)        000FBD
_T2HLTbits                                      (abs)        000FBD
_T2PR                                           (abs)        000FBB
_T2RST                                          (abs)        000FBF
_T2RSTbits                                      (abs)        000FBF
_T2TMR                                          (abs)        000FBA
_TMR2                                           (abs)        000FBA
_TMR2_DefaultInterruptHandler                   text17       001D0A
_TMR2_ISR                                       text16       00190E
_TMR2_Initialize                                text4        001942
_TMR2_InterruptHandler                          nvCOMRAM     000057
_TMR2_SetInterruptHandler                       text5        001BEA
_TMR2_Start                                     text2        001CFA
_TMR2_StartTimer                                text1        001CBE
_TRISA                                          (abs)        000F87
_TRISB                                          (abs)        000F88
_TRISC                                          (abs)        000F89
_TX2REG                                         (abs)        000E95
_TX2STA                                         (abs)        000E99
_TX2STAbits                                     (abs)        000E99
_WPUA                                           (abs)        000F0B
_WPUB                                           (abs)        000F13
_WPUC                                           (abs)        000F1B
_WPUE                                           (abs)        000F28
__HRAM                                          (abs)        000000
__H__absolute__                                 __absolute__ 000000
__Habs1                                         abs1         000000
__Hbank0                                        bank0        000000
__Hbank1                                        bank1        000000
__Hbank10                                       bank10       000000
__Hbank11                                       bank11       000000
__Hbank12                                       bank12       000000
__Hbank14                                       bank14       000000
__Hbank2                                        bank2        000000
__Hbank3                                        bank3        000000
__Hbank4                                        bank4        000000
__Hbank5                                        bank5        000000
__Hbank6                                        bank6        000000
__Hbank7                                        bank7        000000
__Hbank8                                        bank8        000000
__Hbank9                                        bank9        000000
__Hbigbss                                       bigbss       000000
__Hbigdata                                      bigdata      000000
__Hbigram                                       bigram       000000
__Hbigsfr                                       bigsfr       000000
__Hbss                                          bss          000000
__HbssBANK0                                     bssBANK0     000000
__HbssCOMRAM                                    bssCOMRAM    000000
__Hcinit                                        cinit        000000
__Hclrtext                                      clrtext      000000
__Hcomram                                       comram       000000
__Hconfig                                       config       30000C
__Hconst                                        const        000000
__HcstackBANK0                                  cstackBANK0  000000
__HcstackCOMRAM                                 cstackCOMRAM 000000
__Hdata                                         data         000000
__Heeprom_data                                  eeprom_data  000000
__Hfarbss                                       farbss       000000
__Hfardata                                      fardata      000000
__Hheap                                         heap         000000
__Hibigdata                                     ibigdata     000000
__Hidata                                        idata        000000
__Hidloc                                        idloc        000000
__Hifardata                                     ifardata     000000
__Hinit                                         init         000092
__Hintcode                                      intcode      00008E
__Hintcode_body                                 intcode_body 000000
__Hintcodelo                                    intcodelo    00008E
__Hintentry                                     intentry     000000
__Hintret                                       intret       000000
__Hintsave_regs                                 intsave_regs 000000
__Hirdata                                       irdata       000000
__Hmediumconst                                  mediumconst  000000
__HnvBANK0                                      nvBANK0      000000
__HnvCOMRAM                                     nvCOMRAM     000000
__HnvFARRAM                                     nvFARRAM     000000
__Hnvbit                                        nvbit        000000
__Hnvrram                                       nvrram       000000
__Hparam                                        rparam       000000
__Hpowerup                                      powerup      00008E
__Hram                                          ram          000000
__Hramtop                                       ramtop       000F00
__Hrbit                                         rbit         000000
__Hrbss                                         rbss         000000
__Hrdata                                        rdata        000000
__Hreset_vec                                    reset_vec    000004
__Hrparam                                       rparam       000000
__Hsfr                                          sfr          000000
__Hsivt_hi                                      sivt_hi      000000
__Hsivt_lo                                      sivt_lo      000000
__Hsmallconst                                   smallconst   000F84
__Hspace_0                                      (abs)        001D0C
__Hspace_1                                      (abs)        000072
__Hspace_2                                      (abs)        000000
__Hspace_4                                      (abs)        60000C
__Hstack                                        stack        000000
__Hstruct                                       struct       000000
__Htemp                                         temp         00005B
__Htext                                         text         000000
__Htext0                                        text0        000000
__Htext1                                        text1        000000
__Htext10                                       text10       000000
__Htext11                                       text11       000000
__Htext12                                       text12       000000
__Htext13                                       text13       000000
__Htext14                                       text14       000000
__Htext16                                       text16       000000
__Htext17                                       text17       000000
__Htext18                                       text18       000000
__Htext19                                       text19       000000
__Htext2                                        text2        000000
__Htext20                                       text20       000000
__Htext21                                       text21       000000
__Htext22                                       text22       000000
__Htext23                                       text23       000000
__Htext24                                       text24       000000
__Htext25                                       text25       000000
__Htext26                                       text26       000000
__Htext27                                       text27       000000
__Htext28                                       text28       000000
__Htext29                                       text29       000000
__Htext3                                        text3        000000
__Htext30                                       text30       000000
__Htext31                                       text31       000000
__Htext32                                       text32       000000
__Htext33                                       text33       000000
__Htext34                                       text34       000000
__Htext35                                       text35       000000
__Htext36                                       text36       000000
__Htext37                                       text37       000000
__Htext38                                       text38       000000
__Htext39                                       text39       000000
__Htext4                                        text4        000000
__Htext40                                       text40       000000
__Htext41                                       text41       000000
__Htext42                                       text42       000000
__Htext43                                       text43       000000
__Htext44                                       text44       000000
__Htext45                                       text45       000000
__Htext46                                       text46       000000
__Htext47                                       text47       000000
__Htext48                                       text48       000000
__Htext49                                       text49       000000
__Htext5                                        text5        000000
__Htext50                                       text50       000000
__Htext51                                       text51       000000
__Htext52                                       text52       000000
__Htext53                                       text53       000000
__Htext54                                       text54       000000
__Htext55                                       text55       000000
__Htext56                                       text56       000000
__Htext57                                       text57       000000
__Htext58                                       text58       000000
__Htext59                                       text59       000000
__Htext6                                        text6        000000
__Htext60                                       text60       000000
__Htext61                                       text61       000000
__Htext62                                       text62       000000
__Htext63                                       text63       000000
__Htext64                                       text64       000000
__Htext65                                       text65       000000
__Htext66                                       text66       000000
__Htext67                                       text67       000000
__Htext68                                       text68       000000
__Htext69                                       text69       000000
__Htext7                                        text7        000000
__Htext70                                       text70       000000
__Htext71                                       text71       000000
__Htext72                                       text72       000000
__Htext73                                       text73       000000
__Htext8                                        text8        000000
__Htext9                                        text9        000000
__LRAM                                          (abs)        000001
__L__absolute__                                 __absolute__ 000000
__Labs1                                         abs1         000000
__Lbank0                                        bank0        000000
__Lbank1                                        bank1        000000
__Lbank10                                       bank10       000000
__Lbank11                                       bank11       000000
__Lbank12                                       bank12       000000
__Lbank14                                       bank14       000000
__Lbank2                                        bank2        000000
__Lbank3                                        bank3        000000
__Lbank4                                        bank4        000000
__Lbank5                                        bank5        000000
__Lbank6                                        bank6        000000
__Lbank7                                        bank7        000000
__Lbank8                                        bank8        000000
__Lbank9                                        bank9        000000
__Lbigbss                                       bigbss       000000
__Lbigdata                                      bigdata      000000
__Lbigram                                       bigram       000000
__Lbigsfr                                       bigsfr       000000
__Lbss                                          bss          000000
__LbssBANK0                                     bssBANK0     000000
__LbssCOMRAM                                    bssCOMRAM    000000
__Lcinit                                        cinit        000000
__Lclrtext                                      clrtext      000000
__Lcomram                                       comram       000000
__Lconfig                                       config       000000
__Lconst                                        const        000000
__LcstackBANK0                                  cstackBANK0  000000
__LcstackCOMRAM                                 cstackCOMRAM 000000
__Ldata                                         data         000000
__Leeprom_data                                  eeprom_data  000000
__Lfarbss                                       farbss       000000
__Lfardata                                      fardata      000000
__Lheap                                         heap         000000
__Libigdata                                     ibigdata     000000
__Lidata                                        idata        000000
__Lidloc                                        idloc        000000
__Lifardata                                     ifardata     000000
__Linit                                         init         00008E
__Lintcode                                      intcode      000008
__Lintcode_body                                 intcode_body 000000
__Lintcodelo                                    intcodelo    00008E
__Lintentry                                     intentry     000000
__Lintret                                       intret       000000
__Lintsave_regs                                 intsave_regs 000000
__Lirdata                                       irdata       000000
__Lmediumconst                                  mediumconst  000000
__LnvBANK0                                      nvBANK0      000000
__LnvCOMRAM                                     nvCOMRAM     000000
__LnvFARRAM                                     nvFARRAM     000000
__Lnvbit                                        nvbit        000000
__Lnvrram                                       nvrram       000000
__Lparam                                        rparam       000000
__Lpowerup                                      powerup      00008E
__Lram                                          ram          000000
__Lramtop                                       ramtop       000F00
__Lrbit                                         rbit         000000
__Lrbss                                         rbss         000000
__Lrdata                                        rdata        000000
__Lreset_vec                                    reset_vec    000000
__Lrparam                                       rparam       000000
__Lsfr                                          sfr          000000
__Lsivt_hi                                      sivt_hi      000000
__Lsivt_lo                                      sivt_lo      000000
__Lsmallconst                                   smallconst   000F00
__Lspace_0                                      (abs)        000000
__Lspace_1                                      (abs)        000000
__Lspace_2                                      (abs)        000000
__Lspace_4                                      (abs)        000000
__Lstack                                        stack        000000
__Lstruct                                       struct       000000
__Ltemp                                         temp         00005A
__Ltext                                         text         000000
__Ltext0                                        text0        000000
__Ltext1                                        text1        000000
__Ltext10                                       text10       000000
__Ltext11                                       text11       000000
__Ltext12                                       text12       000000
__Ltext13                                       text13       000000
__Ltext14                                       text14       000000
__Ltext16                                       text16       000000
__Ltext17                                       text17       000000
__Ltext18                                       text18       000000
__Ltext19                                       text19       000000
__Ltext2                                        text2        000000
__Ltext20                                       text20       000000
__Ltext21                                       text21       000000
__Ltext22                                       text22       000000
__Ltext23                                       text23       000000
__Ltext24                                       text24       000000
__Ltext25                                       text25       000000
__Ltext26                                       text26       000000
__Ltext27                                       text27       000000
__Ltext28                                       text28       000000
__Ltext29                                       text29       000000
__Ltext3                                        text3        000000
__Ltext30                                       text30       000000
__Ltext31                                       text31       000000
__Ltext32                                       text32       000000
__Ltext33                                       text33       000000
__Ltext34                                       text34       000000
__Ltext35                                       text35       000000
__Ltext36                                       text36       000000
__Ltext37                                       text37       000000
__Ltext38                                       text38       000000
__Ltext39                                       text39       000000
__Ltext4                                        text4        000000
__Ltext40                                       text40       000000
__Ltext41                                       text41       000000
__Ltext42                                       text42       000000
__Ltext43                                       text43       000000
__Ltext44                                       text44       000000
__Ltext45                                       text45       000000
__Ltext46                                       text46       000000
__Ltext47                                       text47       000000
__Ltext48                                       text48       000000
__Ltext49                                       text49       000000
__Ltext5                                        text5        000000
__Ltext50                                       text50       000000
__Ltext51                                       text51       000000
__Ltext52                                       text52       000000
__Ltext53                                       text53       000000
__Ltext54                                       text54       000000
__Ltext55                                       text55       000000
__Ltext56                                       text56       000000
__Ltext57                                       text57       000000
__Ltext58                                       text58       000000
__Ltext59                                       text59       000000
__Ltext6                                        text6        000000
__Ltext60                                       text60       000000
__Ltext61                                       text61       000000
__Ltext62                                       text62       000000
__Ltext63                                       text63       000000
__Ltext64                                       text64       000000
__Ltext65                                       text65       000000
__Ltext66                                       text66       000000
__Ltext67                                       text67       000000
__Ltext68                                       text68       000000
__Ltext69                                       text69       000000
__Ltext7                                        text7        000000
__Ltext70                                       text70       000000
__Ltext71                                       text71       000000
__Ltext72                                       text72       000000
__Ltext73                                       text73       000000
__Ltext8                                        text8        000000
__Ltext9                                        text9        000000
__S0                                            (abs)        001D0C
__S1                                            (abs)        000072
__S4                                            (abs)        000000
__S5                                            (abs)        000000
___heap_hi                                      (abs)        000000
___heap_lo                                      (abs)        000000
___inthi_sp                                     stack        000000
___inthi_stack_hi                               stack        000000
___inthi_stack_lo                               stack        000000
___intlo_sp                                     stack        000000
___intlo_stack_hi                               stack        000000
___intlo_stack_lo                               stack        000000
___lwdiv                                        text23       001560
___lwdiv@counter                                cstackCOMRAM 00003C
___lwdiv@dividend                               cstackCOMRAM 000036
___lwdiv@divisor                                cstackCOMRAM 000038
___lwdiv@quotient                               cstackCOMRAM 00003A
___lwmod                                        text22       001716
___lwmod@counter                                cstackCOMRAM 000041
___lwmod@dividend                               cstackCOMRAM 00003D
___lwmod@divisor                                cstackCOMRAM 00003F
___param_bank                                   (abs)        000000
___rparam_used                                  (abs)        000001
___sp                                           stack        000000
___stack_hi                                     stack        000000
___stack_lo                                     stack        000000
__accesstop                                     (abs)        000060
__activetblptr                                  (abs)        000003
__end_of_EUSART2_Initialize                     text11       001886
__end_of_EUSART2_SetErrorHandler                text14       001C22
__end_of_EUSART2_SetFramingErrorHandler         text13       001C14
__end_of_EUSART2_SetOverrunErrorHandler         text12       001C06
__end_of_EUSART2_Write                          text21       001BAC
__end_of_EUSART2_is_tx_ready                    text73       001A88
__end_of_I2C2_CallbackReturnReset               text60       001D06
__end_of_I2C2_CallbackReturnStop                text61       001D0A
__end_of_I2C2_Close                             text69       001A5E
__end_of_I2C2_DO_ADDRESS_NACK                   text33       001834
__end_of_I2C2_DO_IDLE                           text47       001C66
__end_of_I2C2_DO_RCEN                           text42       001C5C
__end_of_I2C2_DO_RESET                          text34       001C52
__end_of_I2C2_DO_RX                             text43       0014E8
__end_of_I2C2_DO_RX_ACK                         text37       001C86
__end_of_I2C2_DO_RX_NACK_RESTART                text35       001C76
__end_of_I2C2_DO_RX_NACK_STOP                   text36       001C7E
__end_of_I2C2_DO_SEND_ADR_READ                  text46       001C3E
__end_of_I2C2_DO_SEND_ADR_WRITE                 text45       001C30
__end_of_I2C2_DO_SEND_RESTART                   text39       001C96
__end_of_I2C2_DO_SEND_RESTART_READ              text41       001CA6
__end_of_I2C2_DO_SEND_RESTART_WRITE             text40       001C9E
__end_of_I2C2_DO_SEND_STOP                      text38       001C8E
__end_of_I2C2_DO_TX                             text44       001312
__end_of_I2C2_DO_TX_EMPTY                       text48       001716
__end_of_I2C2_Initialize                        text10       001BC2
__end_of_I2C2_MasterClearIrq                    text72       001CFA
__end_of_I2C2_MasterClose                       text71       001CF4
__end_of_I2C2_MasterDisableIrq                  text70       001CEE
__end_of_I2C2_MasterEnableRestart               text67       001CE2
__end_of_I2C2_MasterFsm                         text32       0017DE
__end_of_I2C2_MasterGetRxData                   text53       001CD0
__end_of_I2C2_MasterIsNack                      text50       001BD8
__end_of_I2C2_MasterOpen                        text27       001AAC
__end_of_I2C2_MasterOperation                   text29       00190E
__end_of_I2C2_MasterSendAck                     text52       001CB6
__end_of_I2C2_MasterSendNack                    text54       001CBE
__end_of_I2C2_MasterSendTxData                  text51       001CAE
__end_of_I2C2_MasterSetIrq                      text49       001CCA
__end_of_I2C2_MasterStart                       text68       001CE8
__end_of_I2C2_MasterStartRx                     text55       001CD6
__end_of_I2C2_MasterStop                        text66       001CDC
__end_of_I2C2_MasterWaitForEvent                text31       001BEA
__end_of_I2C2_MasterWrite                       text28       001C6E
__end_of_I2C2_Open                              text26       001456
__end_of_I2C2_Poller                            text30       001B60
__end_of_I2C2_Read1ByteRegister                 text24       001560
__end_of_I2C2_SetAddressNackCallback            text25       001B44
__end_of_I2C2_SetBuffer                         text65       001ACE
__end_of_I2C2_SetCallback                       text64       001644
__end_of_I2C2_SetDataCompleteCallback           text63       001B7C
__end_of_INTERRUPT_Initialize                   text9        001D02
__end_of_INTERRUPT_InterruptManager             intcode      00008E
__end_of_OSCILLATOR_Initialize                  text8        001B94
__end_of_PIN_MANAGER_Initialize                 text7        0016AE
__end_of_PMD_Initialize                         text6        001B28
__end_of_SYSTEM_Initialize                      text3        001B0C
__end_of_TMR2_DefaultInterruptHandler           text17       001D0C
__end_of_TMR2_ISR                               text16       001942
__end_of_TMR2_Initialize                        text4        001974
__end_of_TMR2_SetInterruptHandler               text5        001BF8
__end_of_TMR2_Start                             text2        001CFE
__end_of_TMR2_StartTimer                        text1        001CC4
__end_of___lwdiv                                text23       0015D4
__end_of___lwmod                                text22       00177A
__end_of__initialization                        cinit        001AE4
__end_of_dpowers                                smallconst   000F3B
__end_of_i2c2_fsmStateTable                     smallconst   000F31
__end_of_main                                   text0        001254
__end_of_printf                                 text19       00113E
__end_of_putch                                  text20       001C48
__end_of_rd1RegCompleteHandler                  text59       001A04
__end_of_rd2RegCompleteHandler                  text58       0019D4
__end_of_rdBlkRegCompleteHandler                text56       0018CC
__end_of_timer_callback                         text18       0013B6
__end_of_wr1RegCompleteHandler                  text57       0019A4
__end_of_wr2RegCompleteHandler                  text62       001A34
__initialization                                cinit        001ACE
__mediumconst                                   mediumconst  000000
__pbssBANK0                                     bssBANK0     00006E
__pbssCOMRAM                                    bssCOMRAM    000001
__pcinit                                        cinit        001ACE
__pcstackBANK0                                  cstackBANK0  000069
__pcstackCOMRAM                                 cstackCOMRAM 000036
__pintcode                                      intcode      000008
__pnvBANK0                                      nvBANK0      000060
__pnvCOMRAM                                     nvCOMRAM     000057
__psmallconst                                   smallconst   000F00
__ptext0                                        text0        00113E
__ptext1                                        text1        001CBE
__ptext10                                       text10       001BAC
__ptext11                                       text11       001834
__ptext12                                       text12       001BF8
__ptext13                                       text13       001C06
__ptext14                                       text14       001C14
__ptext16                                       text16       00190E
__ptext17                                       text17       001D0A
__ptext18                                       text18       001312
__ptext19                                       text19       000F84
__ptext2                                        text2        001CFA
__ptext20                                       text20       001C3E
__ptext21                                       text21       001B94
__ptext22                                       text22       001716
__ptext23                                       text23       001560
__ptext24                                       text24       0014E8
__ptext25                                       text25       001B28
__ptext26                                       text26       0013B6
__ptext27                                       text27       001A88
__ptext28                                       text28       001C66
__ptext29                                       text29       0018CC
__ptext3                                        text3        001AEE
__ptext30                                       text30       001B44
__ptext31                                       text31       001BD8
__ptext32                                       text32       00177A
__ptext33                                       text33       0017DE
__ptext34                                       text34       001C48
__ptext35                                       text35       001C6E
__ptext36                                       text36       001C76
__ptext37                                       text37       001C7E
__ptext38                                       text38       001C86
__ptext39                                       text39       001C8E
__ptext4                                        text4        001942
__ptext40                                       text40       001C96
__ptext41                                       text41       001C9E
__ptext42                                       text42       001C52
__ptext43                                       text43       001456
__ptext44                                       text44       001254
__ptext45                                       text45       001C22
__ptext46                                       text46       001C30
__ptext47                                       text47       001C5C
__ptext48                                       text48       0016AE
__ptext49                                       text49       001CC4
__ptext5                                        text5        001BEA
__ptext50                                       text50       001BC2
__ptext51                                       text51       001CA6
__ptext52                                       text52       001CAE
__ptext53                                       text53       001CCA
__ptext54                                       text54       001CB6
__ptext55                                       text55       001CD0
__ptext56                                       text56       001886
__ptext57                                       text57       001974
__ptext58                                       text58       0019A4
__ptext59                                       text59       0019D4
__ptext6                                        text6        001B0C
__ptext60                                       text60       001D02
__ptext61                                       text61       001D06
__ptext62                                       text62       001A04
__ptext63                                       text63       001B60
__ptext64                                       text64       0015D4
__ptext65                                       text65       001AAC
__ptext66                                       text66       001CD6
__ptext67                                       text67       001CDC
__ptext68                                       text68       001CE2
__ptext69                                       text69       001A34
__ptext7                                        text7        001644
__ptext70                                       text70       001CE8
__ptext71                                       text71       001CEE
__ptext72                                       text72       001CF4
__ptext73                                       text73       001A5E
__ptext8                                        text8        001B7C
__ptext9                                        text9        001CFE
__ramtop                                        ramtop       000F00
__smallconst                                    smallconst   000F00
_angle                                          bssCOMRAM    000034
_angle_1                                        bssCOMRAM    000033
_data                                           bssCOMRAM    00002F
_dpowers                                        smallconst   000F31
_eusart2RxLastError                             bssCOMRAM    000035
_i2c2_fsmStateTable                             smallconst   000F01
_main                                           text0        00113E
_printf                                         text19       000F84
_putch                                          text20       001C3E
_rd1RegCompleteHandler                          text59       0019D4
_rd2RegCompleteHandler                          text58       0019A4
_rdBlkRegCompleteHandler                        text56       001886
_temp                                           bssCOMRAM    000031
_time_ms                                        bssCOMRAM    00002B
_time_s                                         bssBANK0     00006E
_timer_callback                                 text18       001312
_wr1RegCompleteHandler                          text57       001974
_wr2RegCompleteHandler                          text62       001A04
btemp                                           temp         00005A
end_of_initialization                           cinit        001AE4
int$flags                                       temp         00005A
intlevel0                                       text         000000
intlevel1                                       text         000000
intlevel2                                       text         000000
intlevel3                                       text         000000
isa$std                                         (abs)        000001
isa$xinst                                       (abs)        000000
printf@ap                                       cstackCOMRAM 000047
printf@c                                        cstackCOMRAM 00004B
printf@f                                        cstackCOMRAM 000042
printf@flag                                     cstackCOMRAM 000048
printf@prec                                     cstackCOMRAM 000046
printf@val                                      cstackCOMRAM 000049
putch@txData                                    cstackCOMRAM 000037
rd1RegCompleteHandler@ptr                       cstackCOMRAM 000041
rd2RegCompleteHandler@ptr                       cstackCOMRAM 000041
rdBlkRegCompleteHandler@ptr                     cstackCOMRAM 000041
stackhi                                         (abs)        000000
stacklo                                         (abs)        000000
start                                           init         00008E
start_initialization                            cinit        001ACE
ttemp5                                          temp         00005B
ttemp6                                          temp         00005E
ttemp7                                          temp         000062
wr1RegCompleteHandler@ptr                       cstackCOMRAM 000041
wr2RegCompleteHandler@ptr                       cstackCOMRAM 000041
wtemp8                                          temp         00005B


MODULE INFORMATION

Module		Function		Class		Link	Load	Size
mcc_generated_files/examples/i2c2_master_example.c
		_I2C2_Read1ByteRegister		CODE           	14E8	0000	120
		_wr1RegCompleteHandler		CODE           	1974	0000	48
		_wr2RegCompleteHandler		CODE           	1A04	0000	48
		_rdBlkRegCompleteHandler		CODE           	1886	0000	70
		_rd1RegCompleteHandler		CODE           	19D4	0000	48
		_rd2RegCompleteHandler		CODE           	19A4	0000	48

mcc_generated_files/examples/i2c2_master_example.c estimated size: 382

C:\Program Files\Microchip\xc8\v2.46\pic\sources\c90\common\lwdiv.c
		___lwdiv       		CODE           	1560	0000	116

C:\Program Files\Microchip\xc8\v2.46\pic\sources\c90\common\lwdiv.c estimated size: 116

mcc_generated_files/eusart2.c
		_putch         		CODE           	1C3E	0000	10
		_EUSART2_SetOverrunErrorHandler		CODE           	1BF8	0000	14
		_EUSART2_SetErrorHandler		CODE           	1C14	0000	14
		_EUSART2_Write 		CODE           	1B94	0000	24
		_EUSART2_is_tx_ready		CODE           	1A5E	0000	42
		_EUSART2_Initialize		CODE           	1834	0000	82
		_EUSART2_SetFramingErrorHandler		CODE           	1C06	0000	14

mcc_generated_files/eusart2.c estimated size: 200

mcc_generated_files/tmr2.c
		_TMR2_ISR      		CODE           	190E	0000	52
		_TMR2_Initialize		CODE           	1942	0000	50
		_TMR2_Start    		CODE           	1CFA	0000	4
		_TMR2_SetInterruptHandler		CODE           	1BEA	0000	14
		_TMR2_DefaultInterruptHandler		CODE           	1D0A	0000	2
		_TMR2_StartTimer		CODE           	1CBE	0000	6

mcc_generated_files/tmr2.c estimated size: 128

mcc_generated_files/interrupt_manager.c
		_INTERRUPT_Initialize		CODE           	1CFE	0000	4
		_INTERRUPT_InterruptManager		CODE           	0008	0000	134

mcc_generated_files/interrupt_manager.c estimated size: 138

mcc_generated_files/pin_manager.c
		_PIN_MANAGER_Initialize		CODE           	1644	0000	106

mcc_generated_files/pin_manager.c estimated size: 106

mcc_generated_files/i2c2_master.c
		_I2C2_DO_SEND_ADR_READ		CODE           	1C30	0000	14
		_I2C2_DO_RX_NACK_STOP		CODE           	1C76	0000	8
		_I2C2_DO_SEND_RESTART		CODE           	1C8E	0000	8
		_I2C2_DO_TX_EMPTY		CODE           	16AE	0000	104
		_I2C2_DO_SEND_RESTART_READ		CODE           	1C9E	0000	8
		_I2C2_CallbackReturnStop		CODE           	1D06	0000	4
		_I2C2_DO_RX    		CODE           	1456	0000	146
		_I2C2_DO_TX    		CODE           	1254	0000	190
		_I2C2_SetAddressNackCallback		CODE           	1B28	0000	28
		_I2C2_DO_IDLE  		CODE           	1C5C	0000	10
		_I2C2_MasterOpen		CODE           	1A88	0000	36
		_I2C2_DO_RCEN  		CODE           	1C52	0000	10
		_I2C2_MasterSendTxData		CODE           	1CA6	0000	8
		_I2C2_MasterStop		CODE           	1CD6	0000	6
		_I2C2_CallbackReturnReset		CODE           	1D02	0000	4
		_I2C2_DO_RESET 		CODE           	1C48	0000	10
		_I2C2_MasterStartRx		CODE           	1CD0	0000	6
		_I2C2_Poller   		CODE           	1B44	0000	28
		_I2C2_DO_RX_ACK		CODE           	1C7E	0000	8
		_I2C2_MasterWaitForEvent		CODE           	1BD8	0000	18
		_I2C2_MasterSendNack		CODE           	1CB6	0000	8
		_I2C2_DO_RX_NACK_RESTART		CODE           	1C6E	0000	8
		_I2C2_MasterDisableIrq		CODE           	1CE8	0000	6
		_I2C2_MasterOperation		CODE           	18CC	0000	66
		_I2C2_SetCallback		CODE           	15D4	0000	112
		_I2C2_MasterEnableRestart		CODE           	1CDC	0000	6
		_I2C2_Open     		CODE           	13B6	0000	160
		_I2C2_DO_ADDRESS_NACK		CODE           	17DE	0000	86
		_I2C2_SetBuffer		CODE           	1AAC	0000	34
		_I2C2_DO_SEND_RESTART_WRITE		CODE           	1C96	0000	8
		_I2C2_MasterClose		CODE           	1CEE	0000	6
		_I2C2_MasterWrite		CODE           	1C66	0000	8
		_I2C2_Initialize		CODE           	1BAC	0000	22
		_I2C2_Close    		CODE           	1A34	0000	42
		_I2C2_MasterIsNack		CODE           	1BC2	0000	22
		_I2C2_MasterStart		CODE           	1CE2	0000	6
		_I2C2_DO_SEND_ADR_WRITE		CODE           	1C22	0000	14
		_I2C2_MasterClearIrq		CODE           	1CF4	0000	6
		_I2C2_SetDataCompleteCallback		CODE           	1B60	0000	28
		_I2C2_DO_SEND_STOP		CODE           	1C86	0000	8
		_I2C2_MasterSendAck		CODE           	1CAE	0000	8
		_I2C2_MasterFsm		CODE           	177A	0000	100
		_I2C2_MasterGetRxData		CODE           	1CCA	0000	6
		_I2C2_MasterSetIrq		CODE           	1CC4	0000	6

mcc_generated_files/i2c2_master.c estimated size: 1430

shared
		_dpowers       		SMALLCONST     	0F31	0000	10
		__initialization		CODE           	1ACE	0000	22
		_i2c2_fsmStateTable		SMALLCONST     	0F01	0000	48

shared estimated size: 80

mcc_generated_files/mcc.c
		_PMD_Initialize		CODE           	1B0C	0000	28
		_OSCILLATOR_Initialize		CODE           	1B7C	0000	24
		_SYSTEM_Initialize		CODE           	1AEE	0000	30

mcc_generated_files/mcc.c estimated size: 82

C:\Program Files\Microchip\xc8\v2.46\pic\sources\c90\common\lwmod.c
		___lwmod       		CODE           	1716	0000	100

C:\Program Files\Microchip\xc8\v2.46\pic\sources\c90\common\lwmod.c estimated size: 100

main.c
		_main          		CODE           	113E	0000	278
		_timer_callback		CODE           	1312	0000	164

main.c estimated size: 442

C:\Program Files\Microchip\xc8\v2.46\pic\sources\c90\common\doprnt.c
		_printf        		CODE           	0F84	0000	442

C:\Program Files\Microchip\xc8\v2.46\pic\sources\c90\common\doprnt.c estimated size: 442

