Microchip MPLAB XC8 Compiler V2.50

Linker command line:

-W-3 \
  --edf=C:\Program Files\Microchip\xc8\v2.50\pic\dat\20240725155939_en.msgs \
  -cn \
  -h+dist/default/production\UART_and_MQTT_Communication_.X.production.sym \
  --cmf=dist/default/production\UART_and_MQTT_Communication_.X.production.cmf \
  -z -Q18F27Q10 -oC:\Users\Mudit\AppData\Local\Temp\xcAsr2o.\driver_tmp_3.o \
  --defsym=__MPLAB_BUILD=1 --fixupoverflow=error \
  -Mdist/default/production/UART_and_MQTT_Communication_.X.production.map \
  --md=C:\Users\Mudit\AppData\Local\Temp\xcAsr2o.\driver_tmp_0.dat -E1 \
  -ver=XC8 Compiler --acfsm=1493 -ACODE=00h-01FFFFh -ACONST=00h-01FFFFh \
  -ASMALLCONST=01000h-010FFhx496 \
  -AMEDIUMCONST=01000h-0FFFFh,011000h-01FFFFh -ACOMRAM=01h-05Fh \
  -AABS1=00h-0CFFh,0E00h-0E1Eh -ABIGRAM=01h-0CFFh,0E00h-0E1Eh \
  -ARAM=060h-0FFh,0100h-01FFhx12,0E00h-0E1Eh -ABANK0=060h-0FFh \
  -ABANK1=0100h-01FFh -ABANK2=0200h-02FFh -ABANK3=0300h-03FFh \
  -ABANK4=0400h-04FFh -ABANK5=0500h-05FFh -ABANK6=0600h-06FFh \
  -ABANK7=0700h-07FFh -ABANK8=0800h-08FFh -ABANK9=0900h-09FFh \
  -ABANK10=0A00h-0AFFh -ABANK11=0B00h-0BFFh -ABANK12=0C00h-0CFFh \
  -ABANK14=0E00h-0E1Eh \
  -ASFR=0D00h-0DFFh,0E1Fh-0EFFh,0F00h-0F5Fh,0F60h-0FFFh \
  -ABIGSFR=0D00h-0DFFh,0E1Fh-0FFFh -ACONFIG=0300000h-030000Bh \
  -AIDLOC=0200000h-02000FFh -AEEDATA=0310000h-03103FFh -peeprom_data=EEDATA \
  -preset_vec=00h,intcode=8h,intcodelo,powerup,init -pramtop=01000h \
  -psmallconst=SMALLCONST -pmediumconst=MEDIUMCONST -pconst=CONST \
  -AFARRAM=00h-00h \
  -prdata=COMRAM,nvrram=COMRAM,nvbit=COMRAM,rbss=COMRAM,rbit=COMRAM \
  -pfarbss=FARRAM,fardata=FARRAM,nvFARRAM=FARRAM \
  -pintsave_regs=BIGRAM,bigbss=BIGRAM,bigdata=BIGRAM -pbss=RAM \
  -pidata=CODE,irdata=CODE,ibigdata=CODE,ifardata=CODE -prparam=COMRAM \
  C:\Users\Mudit\AppData\Local\Temp\xcAsr2o.\driver_tmp_14.o \
  dist/default/production\UART_and_MQTT_Communication_.X.production.o 

Object code version is 3.11

Machine type is 18F27Q10



                Name                               Link     Load   Length Selector   Space Scale
C:\Users\Mudit\AppData\Local\Temp\xcAsr2o.\driver_tmp_14.o
                config                           300000   300000        C        0       4
                init                                12E      12E        4        4       0
                reset_vec                             0        0        4        0       0
dist/default/production\UART_and_MQTT_Communication_.X.production.o
                intcode                               8        8      126        4       0
                config                           300000   300000        C        0       4
                temp                                 5B       5B        1        1       1
                smallconst                         1000     1000        C      800       0
                text44                             1C00     1C00       24      806       0
                text43                             1D3C     1D3C        6      806       0
                text42                             1D48     1D48        2      806       0
                text41                             1D36     1D36        6      806       0
                text40                             15B4     15B4       B0      806       0
                text39                             1B04     1B04       3C      806       0
                text38                             1BDC     1BDC       24      806       0
                text37                             1D30     1D30        6      806       0
                text36                             1D46     1D46        2      806       0
                text35                             1D28     1D28        8      806       0
                text34                             1500     1500       B4      806       0
                text33                             1AC6     1AC6       3E      806       0
                text31                             1D10     1D10        E      806       0
                text30                             1D02     1D02        E      806       0
                text29                             1CF4     1CF4        E      806       0
                text28                             1CE6     1CE6        E      806       0
                text27                             1CD8     1CD8        E      806       0
                text26                             183E     183E       80      806       0
                text25                             1CCA     1CCA        E      806       0
                text24                             1CBC     1CBC        E      806       0
                text23                             1CAE     1CAE        E      806       0
                text22                             1CA0     1CA0        E      806       0
                text21                             1C92     1C92        E      806       0
                text20                             17BC     17BC       82      806       0
                text19                             1D42     1D42        4      806       0
                text18                             1C70     1C70       12      806       0
                text17                             1A3C     1A3C       46      806       0
                text16                             1C82     1C82       10      806       0
                text15                             1C40     1C40       1A      806       0
                text14                             143E     143E       C2      806       0
                text13                             1664     1664       AE      806       0
                text12                             1B7A     1B7A       34      806       0
                text11                             19EA     19EA       52      806       0
                text10                             1D1E     1D1E        A      806       0
                text9                              1712     1712       AA      806       0
                text8                              100C     100C      32C      806       0
                text7                              1996     1996       54      806       0
                text6                              1C5A     1C5A       16      806       0
                text5                              192C     192C       6A      806       0
                text4                              18BE     18BE       6E      806       0
                text3                              1A82     1A82       44      806       0
                text2                              1338     1338      106      806       0
                text1                              1C24     1C24       1C      806       0
                text0                              1B40     1B40       3A      806       0
                cstackCOMRAM                          1        1       45        1       1
                cstackBANK0                          60       60       51       60       1
                cstackBANK1                         123      123        2      100       1
                bssBANK1                            100      100       20      100       1
                bssBANK0                             B1       B1       30       60       1
                bssCOMRAM                            46       46       15        1       1
                cinit                              1BAE     1BAE       2E      806       0
                nvBANK1                             120      120        3      100       1
                nvBANK0                              E1       E1       1F       60       1

TOTAL           Name                               Link     Load   Length     Space
        CLASS   CODE           
                intcode                               8        8      126         0
                init                                12E      12E        4         0
                reset_vec                             0        0        4         0
                text44                             1C00     1C00       24         0
                text43                             1D3C     1D3C        6         0
                text42                             1D48     1D48        2         0
                text41                             1D36     1D36        6         0
                text40                             15B4     15B4       B0         0
                text39                             1B04     1B04       3C         0
                text38                             1BDC     1BDC       24         0
                text37                             1D30     1D30        6         0
                text36                             1D46     1D46        2         0
                text35                             1D28     1D28        8         0
                text34                             1500     1500       B4         0
                text33                             1AC6     1AC6       3E         0
                text31                             1D10     1D10        E         0
                text30                             1D02     1D02        E         0
                text29                             1CF4     1CF4        E         0
                text28                             1CE6     1CE6        E         0
                text27                             1CD8     1CD8        E         0
                text26                             183E     183E       80         0
                text25                             1CCA     1CCA        E         0
                text24                             1CBC     1CBC        E         0
                text23                             1CAE     1CAE        E         0
                text22                             1CA0     1CA0        E         0
                text21                             1C92     1C92        E         0
                text20                             17BC     17BC       82         0
                text19                             1D42     1D42        4         0
                text18                             1C70     1C70       12         0
                text17                             1A3C     1A3C       46         0
                text16                             1C82     1C82       10         0
                text15                             1C40     1C40       1A         0
                text14                             143E     143E       C2         0
                text13                             1664     1664       AE         0
                text12                             1B7A     1B7A       34         0
                text11                             19EA     19EA       52         0
                text10                             1D1E     1D1E        A         0
                text9                              1712     1712       AA         0
                text8                              100C     100C      32C         0
                text7                              1996     1996       54         0
                text6                              1C5A     1C5A       16         0
                text5                              192C     192C       6A         0
                text4                              18BE     18BE       6E         0
                text3                              1A82     1A82       44         0
                text2                              1338     1338      106         0
                text1                              1C24     1C24       1C         0
                text0                              1B40     1B40       3A         0
                cinit                              1BAE     1BAE       2E         0

        CLASS   CONST          

        CLASS   SMALLCONST     
                smallconst                         1000     1000        C         0

        CLASS   MEDIUMCONST    

        CLASS   COMRAM         
                temp                                 5B       5B        1         1
                cstackCOMRAM                          1        1       45         1
                bssCOMRAM                            46       46       15         1

        CLASS   ABS1           

        CLASS   BIGRAM         

        CLASS   RAM            

        CLASS   BANK0          
                cstackBANK0                          60       60       51         1
                bssBANK0                             B1       B1       30         1
                nvBANK0                              E1       E1       1F         1

        CLASS   BANK1          
                cstackBANK1                         123      123        2         1
                bssBANK1                            100      100       20         1
                nvBANK1                             120      120        3         1

        CLASS   BANK2          

        CLASS   BANK3          

        CLASS   BANK4          

        CLASS   BANK5          

        CLASS   BANK6          

        CLASS   BANK7          

        CLASS   BANK8          

        CLASS   BANK9          

        CLASS   BANK10         

        CLASS   BANK11         

        CLASS   BANK12         

        CLASS   BANK14         

        CLASS   SFR            

        CLASS   BIGSFR         

        CLASS   CONFIG         
                config                           300000   300000        C         4

        CLASS   IDLOC          

        CLASS   EEDATA         

        CLASS   FARRAM         

        CLASS   HEAP           

        CLASS   STACK          



SEGMENTS        Name                           Load    Length   Top    Selector   Space  Class

                reset_vec                      000000  000004  000004         0       0  CODE    
                cstackCOMRAM                   000001  00005B  00005C         1       1  COMRAM  
                intcode                        000008  00012A  000132         4       0  CODE    
                cstackBANK0                    000060  0000A0  000100        60       1  BANK0   
                bssBANK1                       000100  000025  000125       100       1  BANK1   
                smallconst                     001000  00000C  00100C       800       0  SMALLCON
                text8                          00100C  000D3E  001D4A       806       0  CODE    


UNUSED ADDRESS RANGES

        Name                Unused          Largest block    Delta
        BANK1            000125-0001FF               DB
        BANK10           000A00-000AFF              100
        BANK11           000B00-000BFF              100
        BANK12           000C00-000CFF              100
        BANK14           000E00-000E1E               1F
        BANK2            000200-0002FF              100
        BANK3            000300-0003FF              100
        BANK4            000400-0004FF              100
        BANK5            000500-0005FF              100
        BANK6            000600-0006FF              100
        BANK7            000700-0007FF              100
        BANK8            000800-0008FF              100
        BANK9            000900-0009FF              100
        BIGRAM           00005C-00005F                4
                         000125-000CFF              BDB
                         000E00-000E1E               1F
        BIGSFR           000D00-000DFF              100
                         000E1F-000FFF              1E1
        CODE             000004-000007                4
                         000132-000FFF              ECE
                         001D4A-01FFFF            1E2B6
        COMRAM           00005C-00005F                4
        CONST            000004-000007                4
                         000132-000FFF              ECE
                         001D4A-01FFFF            1E2B6
        EEDATA           310000-3103FF              400
        IDLOC            200000-2000FF              100
        MEDIUMCONST      001D4A-00FFFF             E2B6
                         011000-01FFFF             F000
        RAM              000125-000CFF              100
                         000E00-000E1E               1F
        SFR              000D00-000DFF              100
                         000E1F-000FFF               E1
        SMALLCONST       001D4A-01FFFF              100

                                  Symbol Table

?___awdiv                                       cstackCOMRAM 000005
?___awmod                                       cstackCOMRAM 000017
?___lmul                                        cstackCOMRAM 000005
?_abs                                           cstackCOMRAM 00001D
?_printf                                        cstackCOMRAM 000034
?_rand                                          cstackCOMRAM 000011
?_sprintf                                       cstackCOMRAM 000034
?_vfpfcnvrt                                     cstackCOMRAM 000021
?_vfprintf                                      cstackCOMRAM 000030
EUSART1_SetErrorHandler@interruptHandler        cstackCOMRAM 000005
EUSART1_SetFramingErrorHandler@interruptHandler cstackCOMRAM 000005
EUSART1_SetOverrunErrorHandler@interruptHandler cstackCOMRAM 000005
EUSART1_SetRxInterruptHandler@interruptHandler  cstackCOMRAM 000005
EUSART1_SetTxInterruptHandler@interruptHandler  cstackCOMRAM 000005
EUSART1_Write@txData                            cstackCOMRAM 000005
EUSART2_SetErrorHandler@interruptHandler        cstackCOMRAM 000005
EUSART2_SetFramingErrorHandler@interruptHandler cstackCOMRAM 000005
EUSART2_SetOverrunErrorHandler@interruptHandler cstackCOMRAM 000005
EUSART2_SetRxInterruptHandler@interruptHandler  cstackCOMRAM 000005
EUSART2_SetTxInterruptHandler@interruptHandler  cstackCOMRAM 000005
_ANSELA                                         (abs)        000F0C
_ANSELB                                         (abs)        000F14
_ANSELC                                         (abs)        000F1C
_BAUD1CON                                       (abs)        000F9E
_BAUD2CON                                       (abs)        000E9A
_EUSART1_DefaultErrorHandler                    text43       001D3C
_EUSART1_DefaultFramingErrorHandler             text42       001D48
_EUSART1_DefaultOverrunErrorHandler             text41       001D36
_EUSART1_ErrorHandler                           nvBANK1      000120
_EUSART1_FramingErrorHandler                    nvBANK0      0000E4
_EUSART1_Initialize                             text26       00183E
_EUSART1_OverrunErrorHandler                    nvBANK0      0000E1
_EUSART1_Receive_ISR                            text40       0015B4
_EUSART1_RxDataHandler                          text44       001C00
_EUSART1_RxDefaultInterruptHandler              nvBANK0      0000F0
_EUSART1_SetErrorHandler                        text31       001D10
_EUSART1_SetFramingErrorHandler                 text30       001D02
_EUSART1_SetOverrunErrorHandler                 text29       001CF4
_EUSART1_SetRxInterruptHandler                  text28       001CE6
_EUSART1_SetTxInterruptHandler                  text27       001CD8
_EUSART1_Transmit_ISR                           text39       001B04
_EUSART1_TxDefaultInterruptHandler              nvBANK0      0000F3
_EUSART1_Write                                  text11       0019EA
_EUSART2_DefaultErrorHandler                    text37       001D30
_EUSART2_DefaultFramingErrorHandler             text36       001D46
_EUSART2_DefaultOverrunErrorHandler             text35       001D28
_EUSART2_ErrorHandler                           nvBANK0      0000E7
_EUSART2_FramingErrorHandler                    nvBANK0      0000ED
_EUSART2_Initialize                             text20       0017BC
_EUSART2_OverrunErrorHandler                    nvBANK0      0000EA
_EUSART2_Receive_ISR                            text34       001500
_EUSART2_RxDataHandler                          text38       001BDC
_EUSART2_RxDefaultInterruptHandler              nvBANK0      0000F6
_EUSART2_SetErrorHandler                        text25       001CCA
_EUSART2_SetFramingErrorHandler                 text24       001CBC
_EUSART2_SetOverrunErrorHandler                 text23       001CAE
_EUSART2_SetRxInterruptHandler                  text22       001CA0
_EUSART2_SetTxInterruptHandler                  text21       001C92
_EUSART2_Transmit_ISR                           text33       001AC6
_EUSART2_TxDefaultInterruptHandler              nvBANK0      0000F9
_INLVLA                                         (abs)        000F08
_INLVLB                                         (abs)        000F10
_INLVLC                                         (abs)        000F18
_INLVLE                                         (abs)        000F25
_INTCONbits                                     (abs)        000FF2
_INTERRUPT_Initialize                           text19       001D42
_INTERRUPT_InterruptManager                     intcode      000008
_LATA                                           (abs)        000F82
_LATB                                           (abs)        000F83
_LATC                                           (abs)        000F84
_LATCbits                                       (abs)        000F84
_ODCONA                                         (abs)        000F0A
_ODCONB                                         (abs)        000F12
_ODCONC                                         (abs)        000F1A
_OSCCON1                                        (abs)        000ED3
_OSCCON3                                        (abs)        000ED5
_OSCEN                                          (abs)        000ED7
_OSCFRQ                                         (abs)        000ED9
_OSCILLATOR_Initialize                          text18       001C70
_OSCTUNE                                        (abs)        000ED8
_PIE3bits                                       (abs)        000EC0
_PIN_MANAGER_Initialize                         text17       001A3C
_PIR3bits                                       (abs)        000EC8
_PMD0                                           (abs)        000EDC
_PMD1                                           (abs)        000EDD
_PMD2                                           (abs)        000EDE
_PMD3                                           (abs)        000EDF
_PMD4                                           (abs)        000EE0
_PMD5                                           (abs)        000EE1
_PMD_Initialize                                 text16       001C82
_RC1REG                                         (abs)        000F98
_RC1STA                                         (abs)        000F9C
_RC1STAbits                                     (abs)        000F9C
_RC2REG                                         (abs)        000E94
_RC2STA                                         (abs)        000E98
_RC2STAbits                                     (abs)        000E98
_RC6PPS                                         (abs)        000EF8
_RX1PPS                                         (abs)        000EB0
_SLRCONA                                        (abs)        000F09
_SLRCONB                                        (abs)        000F11
_SLRCONC                                        (abs)        000F19
_SP1BRGH                                        (abs)        000F9B
_SP1BRGL                                        (abs)        000F9A
_SP2BRGH                                        (abs)        000E97
_SP2BRGL                                        (abs)        000E96
_SYSTEM_Initialize                              text15       001C40
_TRISA                                          (abs)        000F87
_TRISB                                          (abs)        000F88
_TRISC                                          (abs)        000F89
_TX1REG                                         (abs)        000F99
_TX1STA                                         (abs)        000F9D
_TX1STAbits                                     (abs)        000F9D
_TX2REG                                         (abs)        000E95
_TX2STA                                         (abs)        000E99
_TX2STAbits                                     (abs)        000E99
_WPUA                                           (abs)        000F0B
_WPUB                                           (abs)        000F13
_WPUC                                           (abs)        000F1B
_WPUE                                           (abs)        000F28
__HRAM                                          (abs)        000000
__H__absolute__                                 __absolute__ 000000
__Habs1                                         abs1         000000
__Hbank0                                        bank0        000000
__Hbank1                                        bank1        000000
__Hbank10                                       bank10       000000
__Hbank11                                       bank11       000000
__Hbank12                                       bank12       000000
__Hbank14                                       bank14       000000
__Hbank2                                        bank2        000000
__Hbank3                                        bank3        000000
__Hbank4                                        bank4        000000
__Hbank5                                        bank5        000000
__Hbank6                                        bank6        000000
__Hbank7                                        bank7        000000
__Hbank8                                        bank8        000000
__Hbank9                                        bank9        000000
__Hbigbss                                       bigbss       000000
__Hbigdata                                      bigdata      000000
__Hbigram                                       bigram       000000
__Hbigsfr                                       bigsfr       000000
__Hbss                                          bss          000000
__HbssBANK0                                     bssBANK0     000000
__HbssBANK1                                     bssBANK1     000000
__HbssCOMRAM                                    bssCOMRAM    000000
__Hcinit                                        cinit        000000
__Hclrtext                                      clrtext      000000
__Hcomram                                       comram       000000
__Hconfig                                       config       30000C
__Hconst                                        const        000000
__HcstackBANK0                                  cstackBANK0  000000
__HcstackBANK1                                  cstackBANK1  000000
__HcstackCOMRAM                                 cstackCOMRAM 000000
__Hdata                                         data         000000
__Heeprom_data                                  eeprom_data  000000
__Hfarbss                                       farbss       000000
__Hfardata                                      fardata      000000
__Hheap                                         heap         000000
__Hibigdata                                     ibigdata     000000
__Hidata                                        idata        000000
__Hidloc                                        idloc        000000
__Hifardata                                     ifardata     000000
__Hinit                                         init         000132
__Hintcode                                      intcode      00012E
__Hintcode_body                                 intcode_body 000000
__Hintcodelo                                    intcodelo    00012E
__Hintentry                                     intentry     000000
__Hintret                                       intret       000000
__Hintsave_regs                                 intsave_regs 000000
__Hirdata                                       irdata       000000
__Hmediumconst                                  mediumconst  000000
__HnvBANK0                                      nvBANK0      000000
__HnvBANK1                                      nvBANK1      000000
__HnvFARRAM                                     nvFARRAM     000000
__Hnvbit                                        nvbit        000000
__Hnvrram                                       nvrram       000000
__Hparam                                        rparam       000000
__Hpowerup                                      powerup      00012E
__Hram                                          ram          000000
__Hramtop                                       ramtop       001000
__Hrbit                                         rbit         000000
__Hrbss                                         rbss         000000
__Hrdata                                        rdata        000000
__Hreset_vec                                    reset_vec    000004
__Hrparam                                       rparam       000000
__Hsfr                                          sfr          000000
__Hsivt_hi                                      sivt_hi      000000
__Hsivt_lo                                      sivt_lo      000000
__Hsmallconst                                   smallconst   00100C
__Hspace_0                                      (abs)        001D4A
__Hspace_1                                      (abs)        000125
__Hspace_2                                      (abs)        000000
__Hspace_4                                      (abs)        60000C
__Hstack                                        stack        000000
__Hstruct                                       struct       000000
__Htemp                                         temp         00005C
__Htext                                         text         000000
__Htext0                                        text0        000000
__Htext1                                        text1        000000
__Htext10                                       text10       000000
__Htext11                                       text11       000000
__Htext12                                       text12       000000
__Htext13                                       text13       000000
__Htext14                                       text14       000000
__Htext15                                       text15       000000
__Htext16                                       text16       000000
__Htext17                                       text17       000000
__Htext18                                       text18       000000
__Htext19                                       text19       000000
__Htext2                                        text2        000000
__Htext20                                       text20       000000
__Htext21                                       text21       000000
__Htext22                                       text22       000000
__Htext23                                       text23       000000
__Htext24                                       text24       000000
__Htext25                                       text25       000000
__Htext26                                       text26       000000
__Htext27                                       text27       000000
__Htext28                                       text28       000000
__Htext29                                       text29       000000
__Htext3                                        text3        000000
__Htext30                                       text30       000000
__Htext31                                       text31       000000
__Htext33                                       text33       000000
__Htext34                                       text34       000000
__Htext35                                       text35       000000
__Htext36                                       text36       000000
__Htext37                                       text37       000000
__Htext38                                       text38       000000
__Htext39                                       text39       000000
__Htext4                                        text4        000000
__Htext40                                       text40       000000
__Htext41                                       text41       000000
__Htext42                                       text42       000000
__Htext43                                       text43       000000
__Htext44                                       text44       000000
__Htext5                                        text5        000000
__Htext6                                        text6        000000
__Htext7                                        text7        000000
__Htext8                                        text8        000000
__Htext9                                        text9        000000
__LRAM                                          (abs)        000001
__L__absolute__                                 __absolute__ 000000
__Labs1                                         abs1         000000
__Lbank0                                        bank0        000000
__Lbank1                                        bank1        000000
__Lbank10                                       bank10       000000
__Lbank11                                       bank11       000000
__Lbank12                                       bank12       000000
__Lbank14                                       bank14       000000
__Lbank2                                        bank2        000000
__Lbank3                                        bank3        000000
__Lbank4                                        bank4        000000
__Lbank5                                        bank5        000000
__Lbank6                                        bank6        000000
__Lbank7                                        bank7        000000
__Lbank8                                        bank8        000000
__Lbank9                                        bank9        000000
__Lbigbss                                       bigbss       000000
__Lbigdata                                      bigdata      000000
__Lbigram                                       bigram       000000
__Lbigsfr                                       bigsfr       000000
__Lbss                                          bss          000000
__LbssBANK0                                     bssBANK0     000000
__LbssBANK1                                     bssBANK1     000000
__LbssCOMRAM                                    bssCOMRAM    000000
__Lcinit                                        cinit        000000
__Lclrtext                                      clrtext      000000
__Lcomram                                       comram       000000
__Lconfig                                       config       000000
__Lconst                                        const        000000
__LcstackBANK0                                  cstackBANK0  000000
__LcstackBANK1                                  cstackBANK1  000000
__LcstackCOMRAM                                 cstackCOMRAM 000000
__Ldata                                         data         000000
__Leeprom_data                                  eeprom_data  000000
__Lfarbss                                       farbss       000000
__Lfardata                                      fardata      000000
__Lheap                                         heap         000000
__Libigdata                                     ibigdata     000000
__Lidata                                        idata        000000
__Lidloc                                        idloc        000000
__Lifardata                                     ifardata     000000
__Linit                                         init         00012E
__Lintcode                                      intcode      000008
__Lintcode_body                                 intcode_body 000000
__Lintcodelo                                    intcodelo    00012E
__Lintentry                                     intentry     000000
__Lintret                                       intret       000000
__Lintsave_regs                                 intsave_regs 000000
__Lirdata                                       irdata       000000
__Lmediumconst                                  mediumconst  000000
__LnvBANK0                                      nvBANK0      000000
__LnvBANK1                                      nvBANK1      000000
__LnvFARRAM                                     nvFARRAM     000000
__Lnvbit                                        nvbit        000000
__Lnvrram                                       nvrram       000000
__Lparam                                        rparam       000000
__Lpowerup                                      powerup      00012E
__Lram                                          ram          000000
__Lramtop                                       ramtop       001000
__Lrbit                                         rbit         000000
__Lrbss                                         rbss         000000
__Lrdata                                        rdata        000000
__Lreset_vec                                    reset_vec    000000
__Lrparam                                       rparam       000000
__Lsfr                                          sfr          000000
__Lsivt_hi                                      sivt_hi      000000
__Lsivt_lo                                      sivt_lo      000000
__Lsmallconst                                   smallconst   001000
__Lspace_0                                      (abs)        000000
__Lspace_1                                      (abs)        000000
__Lspace_2                                      (abs)        000000
__Lspace_4                                      (abs)        000000
__Lstack                                        stack        000000
__Lstruct                                       struct       000000
__Ltemp                                         temp         00005B
__Ltext                                         text         000000
__Ltext0                                        text0        000000
__Ltext1                                        text1        000000
__Ltext10                                       text10       000000
__Ltext11                                       text11       000000
__Ltext12                                       text12       000000
__Ltext13                                       text13       000000
__Ltext14                                       text14       000000
__Ltext15                                       text15       000000
__Ltext16                                       text16       000000
__Ltext17                                       text17       000000
__Ltext18                                       text18       000000
__Ltext19                                       text19       000000
__Ltext2                                        text2        000000
__Ltext20                                       text20       000000
__Ltext21                                       text21       000000
__Ltext22                                       text22       000000
__Ltext23                                       text23       000000
__Ltext24                                       text24       000000
__Ltext25                                       text25       000000
__Ltext26                                       text26       000000
__Ltext27                                       text27       000000
__Ltext28                                       text28       000000
__Ltext29                                       text29       000000
__Ltext3                                        text3        000000
__Ltext30                                       text30       000000
__Ltext31                                       text31       000000
__Ltext33                                       text33       000000
__Ltext34                                       text34       000000
__Ltext35                                       text35       000000
__Ltext36                                       text36       000000
__Ltext37                                       text37       000000
__Ltext38                                       text38       000000
__Ltext39                                       text39       000000
__Ltext4                                        text4        000000
__Ltext40                                       text40       000000
__Ltext41                                       text41       000000
__Ltext42                                       text42       000000
__Ltext43                                       text43       000000
__Ltext44                                       text44       000000
__Ltext5                                        text5        000000
__Ltext6                                        text6        000000
__Ltext7                                        text7        000000
__Ltext8                                        text8        000000
__Ltext9                                        text9        000000
__S0                                            (abs)        001D4A
__S1                                            (abs)        000125
__S4                                            (abs)        000000
__S5                                            (abs)        000000
___awdiv                                        text14       00143E
___awdiv@counter                                cstackCOMRAM 000009
___awdiv@dividend                               cstackCOMRAM 000005
___awdiv@divisor                                cstackCOMRAM 000007
___awdiv@quotient                               cstackCOMRAM 00000B
___awdiv@sign                                   cstackCOMRAM 00000A
___awmod                                        text13       001664
___awmod@counter                                cstackCOMRAM 00001B
___awmod@dividend                               cstackCOMRAM 000017
___awmod@divisor                                cstackCOMRAM 000019
___awmod@sign                                   cstackCOMRAM 00001C
___heap_hi                                      (abs)        000000
___heap_lo                                      (abs)        000000
___inthi_sp                                     stack        000000
___inthi_stack_hi                               stack        000000
___inthi_stack_lo                               stack        000000
___intlo_sp                                     stack        000000
___intlo_stack_hi                               stack        000000
___intlo_stack_lo                               stack        000000
___lmul                                         text5        00192C
___lmul@multiplicand                            cstackCOMRAM 000009
___lmul@multiplier                              cstackCOMRAM 000005
___lmul@product                                 cstackCOMRAM 00000D
___param_bank                                   (abs)        000000
___rparam_used                                  (abs)        000001
___sp                                           stack        000000
___stack_hi                                     stack        000000
___stack_lo                                     stack        000000
__accesstop                                     (abs)        000060
__activetblptr                                  (abs)        000003
__end_of_EUSART1_DefaultErrorHandler            text43       001D42
__end_of_EUSART1_DefaultFramingErrorHandler     text42       001D4A
__end_of_EUSART1_DefaultOverrunErrorHandler     text41       001D3C
__end_of_EUSART1_Initialize                     text26       0018BE
__end_of_EUSART1_Receive_ISR                    text40       001664
__end_of_EUSART1_RxDataHandler                  text44       001C24
__end_of_EUSART1_SetErrorHandler                text31       001D1E
__end_of_EUSART1_SetFramingErrorHandler         text30       001D10
__end_of_EUSART1_SetOverrunErrorHandler         text29       001D02
__end_of_EUSART1_SetRxInterruptHandler          text28       001CF4
__end_of_EUSART1_SetTxInterruptHandler          text27       001CE6
__end_of_EUSART1_Transmit_ISR                   text39       001B40
__end_of_EUSART1_Write                          text11       001A3C
__end_of_EUSART2_DefaultErrorHandler            text37       001D36
__end_of_EUSART2_DefaultFramingErrorHandler     text36       001D48
__end_of_EUSART2_DefaultOverrunErrorHandler     text35       001D30
__end_of_EUSART2_Initialize                     text20       00183E
__end_of_EUSART2_Receive_ISR                    text34       0015B4
__end_of_EUSART2_RxDataHandler                  text38       001C00
__end_of_EUSART2_SetErrorHandler                text25       001CD8
__end_of_EUSART2_SetFramingErrorHandler         text24       001CCA
__end_of_EUSART2_SetOverrunErrorHandler         text23       001CBC
__end_of_EUSART2_SetRxInterruptHandler          text22       001CAE
__end_of_EUSART2_SetTxInterruptHandler          text21       001CA0
__end_of_EUSART2_Transmit_ISR                   text33       001B04
__end_of_INTERRUPT_Initialize                   text19       001D46
__end_of_INTERRUPT_InterruptManager             intcode      00012E
__end_of_OSCILLATOR_Initialize                  text18       001C82
__end_of_PIN_MANAGER_Initialize                 text17       001A82
__end_of_PMD_Initialize                         text16       001C92
__end_of_SYSTEM_Initialize                      text15       001C5A
__end_of___awdiv                                text14       001500
__end_of___awmod                                text13       001712
__end_of___lmul                                 text5        001996
__end_of__initialization                        cinit        001BD2
__end_of_abs                                    text12       001BAE
__end_of_fputc                                  text9        0017BC
__end_of_main                                   text0        001B7A
__end_of_printf                                 text6        001C70
__end_of_putch                                  text10       001D28
__end_of_rand                                   text4        00192C
__end_of_send_mqtt_data_points                  text2        00143E
__end_of_sprintf                                text3        001AC6
__end_of_srand                                  text1        001C40
__end_of_vfpfcnvrt                              text8        001338
__end_of_vfprintf                               text7        0019EA
__initialization                                cinit        001BAE
__mediumconst                                   mediumconst  000000
__pbssBANK0                                     bssBANK0     0000B1
__pbssBANK1                                     bssBANK1     000100
__pbssCOMRAM                                    bssCOMRAM    000046
__pcinit                                        cinit        001BAE
__pcstackBANK0                                  cstackBANK0  000060
__pcstackBANK1                                  cstackBANK1  000123
__pcstackCOMRAM                                 cstackCOMRAM 000001
__pintcode                                      intcode      000008
__pnvBANK0                                      nvBANK0      0000E1
__pnvBANK1                                      nvBANK1      000120
__psmallconst                                   smallconst   001000
__ptext0                                        text0        001B40
__ptext1                                        text1        001C24
__ptext10                                       text10       001D1E
__ptext11                                       text11       0019EA
__ptext12                                       text12       001B7A
__ptext13                                       text13       001664
__ptext14                                       text14       00143E
__ptext15                                       text15       001C40
__ptext16                                       text16       001C82
__ptext17                                       text17       001A3C
__ptext18                                       text18       001C70
__ptext19                                       text19       001D42
__ptext2                                        text2        001338
__ptext20                                       text20       0017BC
__ptext21                                       text21       001C92
__ptext22                                       text22       001CA0
__ptext23                                       text23       001CAE
__ptext24                                       text24       001CBC
__ptext25                                       text25       001CCA
__ptext26                                       text26       00183E
__ptext27                                       text27       001CD8
__ptext28                                       text28       001CE6
__ptext29                                       text29       001CF4
__ptext3                                        text3        001A82
__ptext30                                       text30       001D02
__ptext31                                       text31       001D10
__ptext33                                       text33       001AC6
__ptext34                                       text34       001500
__ptext35                                       text35       001D28
__ptext36                                       text36       001D46
__ptext37                                       text37       001D30
__ptext38                                       text38       001BDC
__ptext39                                       text39       001B04
__ptext4                                        text4        0018BE
__ptext40                                       text40       0015B4
__ptext41                                       text41       001D36
__ptext42                                       text42       001D48
__ptext43                                       text43       001D3C
__ptext44                                       text44       001C00
__ptext5                                        text5        00192C
__ptext6                                        text6        001C5A
__ptext7                                        text7        001996
__ptext8                                        text8        00100C
__ptext9                                        text9        001712
__ramtop                                        ramtop       001000
__smallconst                                    smallconst   001000
_abs                                            text12       001B7A
_dbuf                                           bssBANK1     000100
_eusart1RxBuffer                                bssBANK0     0000B9
_eusart1RxCount                                 bssCOMRAM    00004E
_eusart1RxHead                                  bssCOMRAM    000050
_eusart1RxLastError                             bssCOMRAM    00004D
_eusart1RxStatusBuffer                          bssBANK0     0000B1
_eusart1RxTail                                  bssCOMRAM    00004F
_eusart1TxBuffer                                bssBANK0     0000C1
_eusart1TxBufferRemaining                       bssCOMRAM    000051
_eusart1TxHead                                  bssCOMRAM    000053
_eusart1TxTail                                  bssCOMRAM    000052
_eusart2RxBuffer                                bssBANK0     0000D1
_eusart2RxCount                                 bssCOMRAM    000055
_eusart2RxHead                                  bssCOMRAM    000057
_eusart2RxLastError                             bssCOMRAM    000054
_eusart2RxStatusBuffer                          bssBANK0     0000C9
_eusart2RxTail                                  bssCOMRAM    000056
_eusart2TxBuffer                                bssBANK0     0000D9
_eusart2TxBufferRemaining                       bssCOMRAM    000058
_eusart2TxHead                                  bssCOMRAM    00005A
_eusart2TxTail                                  bssCOMRAM    000059
_flags                                          bssCOMRAM    00004C
_fputc                                          text9        001712
_main                                           text0        001B40
_nout                                           bssCOMRAM    000046
_prec                                           bssCOMRAM    00004A
_printf                                         text6        001C5A
_putch                                          text10       001D1E
_rand                                           text4        0018BE
_seed                                           nvBANK0      0000FC
_send_mqtt_data_points                          text2        001338
_sprintf                                        text3        001A82
_srand                                          text1        001C24
_vfpfcnvrt                                      text8        00100C
_vfprintf                                       text7        001996
_width                                          bssCOMRAM    000048
abs@a                                           cstackCOMRAM 00001D
btemp                                           temp         00005B
end_of_initialization                           cinit        001BD2
fputc@c                                         cstackCOMRAM 000007
fputc@fp                                        cstackCOMRAM 000009
int$flags                                       temp         00005B
intlevel0                                       text         000000
intlevel1                                       text         000000
intlevel2                                       text         000000
intlevel3                                       text         000000
isa$std                                         (abs)        000001
isa$xinst                                       (abs)        000000
printf@ap                                       cstackCOMRAM 000037
printf@fmt                                      cstackCOMRAM 000034
putch@txData                                    cstackCOMRAM 000006
send_mqtt_data_points@buffer                    cstackBANK0  000061
send_mqtt_data_points@data_points               cstackBANK0  0000A1
send_mqtt_data_points@i                         cstackBANK0  0000AB
send_mqtt_data_points@i_759                     cstackBANK0  0000AF
send_mqtt_data_points@message_length            cstackBANK0  0000AD
sprintf@ap                                      cstackCOMRAM 00003A
sprintf@f                                       cstackCOMRAM 00003B
sprintf@fmt                                     cstackCOMRAM 000035
sprintf@ret                                     cstackCOMRAM 000038
sprintf@s                                       cstackCOMRAM 000034
srand@s                                         cstackCOMRAM 000005
stackhi                                         (abs)        000000
stacklo                                         (abs)        000000
start                                           init         00012E
start_initialization                            cinit        001BAE
ttemp5                                          temp         00005C
ttemp6                                          temp         00005F
ttemp7                                          temp         000063
vfpfcnvrt@ap                                    cstackCOMRAM 000023
vfpfcnvrt@c                                     cstackCOMRAM 00002F
vfpfcnvrt@cnt                                   cstackCOMRAM 000027
vfpfcnvrt@convarg                               cstackCOMRAM 00002B
vfpfcnvrt@cp                                    cstackCOMRAM 00002A
vfpfcnvrt@cp_1296                               cstackCOMRAM 000026
vfpfcnvrt@done                                  cstackCOMRAM 000029
vfpfcnvrt@fmt                                   cstackCOMRAM 000022
vfpfcnvrt@fp                                    cstackCOMRAM 000021
vfprintf@ap                                     cstackCOMRAM 000032
vfprintf@cfmt                                   cstackCOMRAM 000033
vfprintf@fmt                                    cstackCOMRAM 000031
vfprintf@fp                                     cstackCOMRAM 000030
wtemp8                                          temp         00005C


MODULE INFORMATION

Module		Function		Class		Link	Load	Size
mcc_generated_files/eusart2.c
		_EUSART2_SetOverrunErrorHandler		CODE           	1CAE	0000	14
		_EUSART2_SetErrorHandler		CODE           	1CCA	0000	14
		_EUSART2_Receive_ISR		CODE           	1500	0000	180
		_EUSART2_RxDataHandler		CODE           	1BDC	0000	36
		_EUSART2_DefaultOverrunErrorHandler		CODE           	1D28	0000	8
		_EUSART2_Transmit_ISR		CODE           	1AC6	0000	62
		_EUSART2_DefaultFramingErrorHandler		CODE           	1D46	0000	2
		_EUSART2_SetRxInterruptHandler		CODE           	1CA0	0000	14
		_EUSART2_SetTxInterruptHandler		CODE           	1C92	0000	14
		_EUSART2_Initialize		CODE           	17BC	0000	130
		_EUSART2_DefaultErrorHandler		CODE           	1D30	0000	6
		_EUSART2_SetFramingErrorHandler		CODE           	1CBC	0000	14

mcc_generated_files/eusart2.c estimated size: 494

mcc_generated_files/interrupt_manager.c
		_INTERRUPT_Initialize		CODE           	1D42	0000	4
		_INTERRUPT_InterruptManager		CODE           	0008	0000	294

mcc_generated_files/interrupt_manager.c estimated size: 298

C:\Program Files\Microchip\xc8\v2.50\pic\sources\c99\common\printf.c
		_printf        		CODE           	1C5A	0000	22

C:\Program Files\Microchip\xc8\v2.50\pic\sources\c99\common\printf.c estimated size: 22

mcc_generated_files/pin_manager.c
		_PIN_MANAGER_Initialize		CODE           	1A3C	0000	70

mcc_generated_files/pin_manager.c estimated size: 70

C:\Program Files\Microchip\xc8\v2.50\pic\sources\c99\common\rand.c
		_srand         		CODE           	1C24	0000	28
		_rand          		CODE           	18BE	0000	110

C:\Program Files\Microchip\xc8\v2.50\pic\sources\c99\common\rand.c estimated size: 138

C:\Program Files\Microchip\xc8\v2.50\pic\sources\c99\common\awmod.c
		___awmod       		CODE           	1664	0000	174

C:\Program Files\Microchip\xc8\v2.50\pic\sources\c99\common\awmod.c estimated size: 174

C:\Program Files\Microchip\xc8\v2.50\pic\sources\c99\common\Umul32.c
		___lmul        		CODE           	192C	0000	106

C:\Program Files\Microchip\xc8\v2.50\pic\sources\c99\common\Umul32.c estimated size: 106

C:\Program Files\Microchip\xc8\v2.50\pic\sources\c99\common\abs.c
		_abs           		CODE           	1B7A	0000	52

C:\Program Files\Microchip\xc8\v2.50\pic\sources\c99\common\abs.c estimated size: 52

C:\Program Files\Microchip\xc8\v2.50\pic\sources\c99\common\nf_sprintf.c
		_sprintf       		CODE           	1A82	0000	68

C:\Program Files\Microchip\xc8\v2.50\pic\sources\c99\common\nf_sprintf.c estimated size: 68

C:\Program Files\Microchip\xc8\v2.50\pic\sources\c99\common\nf_fputc.c
		_fputc         		CODE           	1712	0000	170

C:\Program Files\Microchip\xc8\v2.50\pic\sources\c99\common\nf_fputc.c estimated size: 170

shared
		__initialization		CODE           	1BAE	0000	36

shared estimated size: 36

mcc_generated_files/eusart1.c
		_EUSART1_SetRxInterruptHandler		CODE           	1CE6	0000	14
		_EUSART1_SetTxInterruptHandler		CODE           	1CD8	0000	14
		_EUSART1_Initialize		CODE           	183E	0000	128
		_putch         		CODE           	1D1E	0000	10
		_EUSART1_DefaultErrorHandler		CODE           	1D3C	0000	6
		_EUSART1_SetFramingErrorHandler		CODE           	1D02	0000	14
		_EUSART1_SetOverrunErrorHandler		CODE           	1CF4	0000	14
		_EUSART1_SetErrorHandler		CODE           	1D10	0000	14
		_EUSART1_Write 		CODE           	19EA	0000	82
		_EUSART1_Receive_ISR		CODE           	15B4	0000	176
		_EUSART1_RxDataHandler		CODE           	1C00	0000	36
		_EUSART1_DefaultOverrunErrorHandler		CODE           	1D36	0000	6
		_EUSART1_Transmit_ISR		CODE           	1B04	0000	60
		_EUSART1_DefaultFramingErrorHandler		CODE           	1D48	0000	2

mcc_generated_files/eusart1.c estimated size: 576

mcc_generated_files/mcc.c
		_PMD_Initialize		CODE           	1C82	0000	16
		_OSCILLATOR_Initialize		CODE           	1C70	0000	18
		_SYSTEM_Initialize		CODE           	1C40	0000	26

mcc_generated_files/mcc.c estimated size: 60

C:\Program Files\Microchip\xc8\v2.50\pic\sources\c99\common\awdiv.c
		___awdiv       		CODE           	143E	0000	194

C:\Program Files\Microchip\xc8\v2.50\pic\sources\c99\common\awdiv.c estimated size: 194

C:\Program Files\Microchip\xc8\v2.50\pic\sources\c99\common\doprnt.c
		_vfpfcnvrt     		CODE           	100C	0000	812
		_vfprintf      		CODE           	1996	0000	84

C:\Program Files\Microchip\xc8\v2.50\pic\sources\c99\common\doprnt.c estimated size: 896

main.c
		_main          		CODE           	1B40	0000	58
		_send_mqtt_data_points		CODE           	1338	0000	262

main.c estimated size: 320

